Fitter Status : Successful - Mon Nov 16 22:07:49 2020
Quartus II 64-Bit Version : 13.0.1 Build 232 06/12/2013 SP 1 SJ Full Version
Revision Name : system_fpga
Top-level Entity Name : system_fpga
Family : Cyclone IV E
Device : EP4CE115F29C8
Timing Models : Final
Total logic elements : 17,717 / 114,480 ( 15 % )
    Total combinational functions : 15,161 / 114,480 ( 13 % )
    Dedicated logic registers : 8,617 / 114,480 ( 8 % )
Total registers : 8617
Total pins : 106 / 529 ( 20 % )
Total virtual pins : 0
Total memory bits : 524,288 / 3,981,312 ( 13 % )
Embedded Multiplier 9-bit elements : 0 / 532 ( 0 % )
Total PLLs : 0 / 4 ( 0 % )
Analysis & Synthesis Status : Successful - Mon Nov 16 21:52:45 2020
Quartus II 64-Bit Version : 13.0.1 Build 232 06/12/2013 SP 1 SJ Full Version
Revision Name : system_fpga
Top-level Entity Name : system_fpga
Family : Cyclone IV E
Total logic elements : 21,770
    Total combinational functions : 15,129
    Dedicated logic registers : 8,617
Total registers : 8617
Total pins : 106
Total virtual pins : 0
Total memory bits : 524,288
Embedded Multiplier 9-bit elements : 0
Total PLLs : 0
------------------------------------------------------------
TimeQuest Timing Analyzer Summary
------------------------------------------------------------

Type  : Slow 1200mV 85C Model Setup 'CLK_50'
Slack : -27.803
TNS   : -5688.821

Type  : Slow 1200mV 85C Model Setup 'CPUCLK'
Slack : -17.741
TNS   : -79109.366

Type  : Slow 1200mV 85C Model Setup 'altera_reserved_tck'
Slack : 43.452
TNS   : 0.000

Type  : Slow 1200mV 85C Model Hold 'CPUCLK'
Slack : 0.423
TNS   : 0.000

Type  : Slow 1200mV 85C Model Hold 'CLK_50'
Slack : 0.443
TNS   : 0.000

Type  : Slow 1200mV 85C Model Hold 'altera_reserved_tck'
Slack : 0.443
TNS   : 0.000

Type  : Slow 1200mV 85C Model Recovery 'CLK_50'
Slack : 3.237
TNS   : 0.000

Type  : Slow 1200mV 85C Model Recovery 'CPUCLK'
Slack : 6.683
TNS   : 0.000

Type  : Slow 1200mV 85C Model Recovery 'altera_reserved_tck'
Slack : 48.054
TNS   : 0.000

Type  : Slow 1200mV 85C Model Removal 'altera_reserved_tck'
Slack : 1.333
TNS   : 0.000

Type  : Slow 1200mV 85C Model Removal 'CPUCLK'
Slack : 1.617
TNS   : 0.000

Type  : Slow 1200mV 85C Model Removal 'CLK_50'
Slack : 5.288
TNS   : 0.000

Type  : Slow 1200mV 85C Model Minimum Pulse Width 'CLK_50'
Slack : 4.636
TNS   : 0.000

Type  : Slow 1200mV 85C Model Minimum Pulse Width 'CPUCLK'
Slack : 9.653
TNS   : 0.000

Type  : Slow 1200mV 85C Model Minimum Pulse Width 'altera_reserved_tck'
Slack : 49.486
TNS   : 0.000

Type  : Slow 1200mV 0C Model Setup 'CLK_50'
Slack : -26.124
TNS   : -5308.436

Type  : Slow 1200mV 0C Model Setup 'CPUCLK'
Slack : -16.122
TNS   : -70838.147

Type  : Slow 1200mV 0C Model Setup 'altera_reserved_tck'
Slack : 43.892
TNS   : 0.000

Type  : Slow 1200mV 0C Model Hold 'CPUCLK'
Slack : 0.372
TNS   : 0.000

Type  : Slow 1200mV 0C Model Hold 'CLK_50'
Slack : 0.392
TNS   : 0.000

Type  : Slow 1200mV 0C Model Hold 'altera_reserved_tck'
Slack : 0.393
TNS   : 0.000

Type  : Slow 1200mV 0C Model Recovery 'CLK_50'
Slack : 3.739
TNS   : 0.000

Type  : Slow 1200mV 0C Model Recovery 'CPUCLK'
Slack : 6.874
TNS   : 0.000

Type  : Slow 1200mV 0C Model Recovery 'altera_reserved_tck'
Slack : 48.327
TNS   : 0.000

Type  : Slow 1200mV 0C Model Removal 'altera_reserved_tck'
Slack : 1.230
TNS   : 0.000

Type  : Slow 1200mV 0C Model Removal 'CPUCLK'
Slack : 1.372
TNS   : 0.000

Type  : Slow 1200mV 0C Model Removal 'CLK_50'
Slack : 4.717
TNS   : 0.000

Type  : Slow 1200mV 0C Model Minimum Pulse Width 'CLK_50'
Slack : 4.636
TNS   : 0.000

Type  : Slow 1200mV 0C Model Minimum Pulse Width 'CPUCLK'
Slack : 9.596
TNS   : 0.000

Type  : Slow 1200mV 0C Model Minimum Pulse Width 'altera_reserved_tck'
Slack : 49.339
TNS   : 0.000

Type  : Fast 1200mV 0C Model Setup 'CLK_50'
Slack : -6.876
TNS   : -1243.298

Type  : Fast 1200mV 0C Model Setup 'CPUCLK'
Slack : 3.270
TNS   : 0.000

Type  : Fast 1200mV 0C Model Setup 'altera_reserved_tck'
Slack : 47.231
TNS   : 0.000

Type  : Fast 1200mV 0C Model Hold 'CPUCLK'
Slack : 0.173
TNS   : 0.000

Type  : Fast 1200mV 0C Model Hold 'CLK_50'
Slack : 0.181
TNS   : 0.000

Type  : Fast 1200mV 0C Model Hold 'altera_reserved_tck'
Slack : 0.182
TNS   : 0.000

Type  : Fast 1200mV 0C Model Recovery 'CLK_50'
Slack : 6.872
TNS   : 0.000

Type  : Fast 1200mV 0C Model Recovery 'CPUCLK'
Slack : 8.459
TNS   : 0.000

Type  : Fast 1200mV 0C Model Recovery 'altera_reserved_tck'
Slack : 49.321
TNS   : 0.000

Type  : Fast 1200mV 0C Model Removal 'altera_reserved_tck'
Slack : 0.560
TNS   : 0.000

Type  : Fast 1200mV 0C Model Removal 'CPUCLK'
Slack : 0.811
TNS   : 0.000

Type  : Fast 1200mV 0C Model Removal 'CLK_50'
Slack : 2.498
TNS   : 0.000

Type  : Fast 1200mV 0C Model Minimum Pulse Width 'CLK_50'
Slack : 4.200
TNS   : 0.000

Type  : Fast 1200mV 0C Model Minimum Pulse Width 'CPUCLK'
Slack : 9.745
TNS   : 0.000

Type  : Fast 1200mV 0C Model Minimum Pulse Width 'altera_reserved_tck'
Slack : 49.454
TNS   : 0.000

------------------------------------------------------------
